// Jest Snapshot v1, https://goo.gl/fbAQLP

exports[`App component Should contain imported Components 1`] = `"<ZestimateRow />"`;

exports[`App component Should cotain a button styled component 1`] = `"<Button />"`;

exports[`App component Should render the app component correctly 1`] = `
.c0 {
  background: white;
  cursor: pointer;
  padding: 18px;
  width: 100%;
  border: none;
  text-align: left;
  outline: none;
  font-family: 'Segoe UI',Tahoma,Geneva,Verdana,sans-serif;
  font-weight: '900';
  font-size: 28px;
  line-height: 31px;
  color: #444444 border-top:solid 1px #eee;
  border-bottom: solid 1px #eee;
  padding-top: 20px;
  padding-bottom: 20px;
  margin-bottom: 15px;
}

.c1 {
  size: 27px;
  line-height: 31px;
  color: #444444;
  text-align: right;
  float: right;
}

<div>
  <button
    className="c0"
    onClick={[Function]}
  >
    Home Value
    <span
      className="c1"
    >
      <svg
        aria-hidden="true"
        className="svg-inline--fa fa-angle-down fa-w-10 fa-sm "
        data-icon="angle-down"
        data-prefix="fas"
        focusable="false"
        role="img"
        style={Object {}}
        viewBox="0 0 320 512"
        xmlns="http://www.w3.org/2000/svg"
      >
        <path
          d="M143 352.3L7 216.3c-9.4-9.4-9.4-24.6 0-33.9l22.6-22.6c9.4-9.4 24.6-9.4 33.9 0l96.4 96.4 96.4-96.4c9.4-9.4 24.6-9.4 33.9 0l22.6 22.6c9.4 9.4 9.4 24.6 0 33.9l-136 136c-9.2 9.4-24.4 9.4-33.8 0z"
          fill="currentColor"
          style={Object {}}
        />
      </svg>
    </span>
  </button>
</div>
`;

exports[`App component should full DOM render 1`] = `ReactWrapper {}`;
